<html>
<body>
<pre>
<h1>µVision Build Log</h1>
<h2>Tool Versions:</h2>
IDE-Version: ¦ÌVision V5.32.0.0
Copyright (C) 2020 ARM Ltd and ARM Germany GmbH. All rights reserved.
License Information: JING sherry, JING, LIC=VGXG8-3RDWK-UH38H-W4GT3-15VI8-TETF8
 
Tool Versions:
Toolchain:       MDK-ARM Plus  Version: 5.32.0.0
Toolchain Path:  D:\Keil_v5\ARM\ARMCLANG\Bin
C Compiler:      ArmClang.exe V6.14.1
Assembler:       Armasm.exe V6.14.1
Linker/Locator:  ArmLink.exe V6.14.1
Library Manager: ArmAr.exe V6.14.1
Hex Converter:   FromElf.exe V6.14.1
CPU DLL:         SARMCM3.DLL V5.32.0.0
Dialog DLL:      DCM.DLL V1.17.3.0
Target DLL:      STLink\ST-LINKIII-KEIL_SWO.dll V3.0.8.0
Dialog DLL:      TCM.DLL V1.46.0.0
 
<h2>Project:</h2>
D:\master\code\LoRaWAN_code\lw-keil\STM32CubeExpansion_LRWAN_V2.0.0\Projects\NUCLEO-L476RG\Applications\LoRaWAN\LoRaWAN_End_Node\MDK-ARM\LoRaWAN_End_Node.uvprojx
Project File Date:  11/12/2021

<h2>Output:</h2>
*** Using Compiler 'V6.14.1', folder: 'D:\Keil_v5\ARM\ARMCLANG\Bin'
Rebuild target 'sx1276mb1mas'
compiling app_lorawan.c...
compiling lora_info.c...
compiling dma.c...
compiling CayenneLpp.c...
compiling main.c...
compiling adc.c...
compiling adc_if.c...
compiling lora_app.c...
compiling rtc.c...
compiling stm32l4xx_hal_msp.c...
compiling sys_sensors.c...
compiling stm32_lpm_if.c...
compiling sys_debug.c...
compiling stm32l4xx_it.c...
assembling startup_stm32l476xx.s...
compiling rtc_if.c...
compiling sys_app.c...
compiling usart.c...
compiling usart_if.c...
compiling hts221.c...
compiling nucleo_l476rg_bus.c...
compiling hts221_reg.c...
compiling lps22hb.c...
compiling lps22hb_reg.c...
compiling lsm303agr.c...
compiling lsm6dsl.c...
compiling sx1276mb1mas.c...
compiling stm32l4xx_nucleo.c...
compiling iks01a2_env_sensors.c...
compiling lsm303agr_reg.c...
compiling iks01a2_env_sensors_ex.c...
compiling system_stm32l4xx.c...
compiling stm32l4xx_hal.c...
compiling iks01a2_motion_sensors.c...
compiling iks01a2_motion_sensors_ex.c...
compiling lsm6dsl_reg.c...
compiling stm32l4xx_hal_cortex.c...
compiling stm32l4xx_hal_dma.c...
compiling stm32l4xx_hal_gpio.c...
compiling stm32l4xx_hal_exti.c...
compiling stm32l4xx_hal_adc_ex.c...
compiling stm32l4xx_hal_adc.c...
compiling stm32l4xx_hal_i2c_ex.c...
compiling stm32l4xx_hal_pwr.c...
compiling stm32l4xx_hal_pwr_ex.c...
compiling stm32l4xx_hal_rcc.c...
compiling stm32l4xx_hal_tim.c...
compiling stm32l4xx_hal_rtc.c...
compiling stm32l4xx_hal_rtc_ex.c...
compiling stm32l4xx_hal_rcc_ex.c...
compiling stm32l4xx_hal_i2c.c...
compiling stm32l4xx_hal_tim_ex.c...
compiling cmac.c...
compiling stm32l4xx_hal_spi.c...
compiling stm32l4xx_hal_uart_ex.c...
compiling lorawan_aes.c...
compiling soft-se.c...
compiling LmhpCompliance.c...
compiling NvmCtxMgmt.c...
compiling stm32l4xx_hal_uart.c...
compiling LmHandler.c...
compiling LoRaMacAdr.c...
compiling LoRaMacClassB.c...
compiling LoRaMacCommands.c...
compiling LoRaMacConfirmQueue.c...
compiling LoRaMacParser.c...
compiling LoRaMacSerializer.c...
compiling LoRaMacCrypto.c...
compiling Region.c...
compiling RegionAS923.c...
compiling RegionCN470.c...
compiling RegionAU915.c...
compiling RegionCN779.c...
compiling RegionCommon.c...
compiling RegionEU433.c...
compiling RegionEU868.c...
compiling LoRaMac.c...
compiling RegionIN865.c...
compiling utilities.c...
compiling RegionKR920.c...
compiling RegionRU864.c...
compiling stm32_adv_trace.c...
compiling stm32_lpm.c...
compiling RegionUS915.c...
compiling stm32_mem.c...
compiling stm32_systime.c...
compiling stm32_seq.c...
compiling stm32_timer.c...
compiling stm32_tiny_vsnprintf.c...
compiling sx1276.c...
linking...
Program Size: Code=52576 RO-data=2628 RW-data=392 ZI-data=7432  
After Build - User command #1: fromelf sx1276mb1mas\Exe\sx1276mb1mas.axf --bin --output=sx1276mb1mas\Exe\sx1276mb1mas.bin
"sx1276mb1mas\Exe\sx1276mb1mas.axf" - 0 Error(s), 0 Warning(s).

<h2>Software Packages used:</h2>

Package Vendor: ARM
                http://www.keil.com/pack/ARM.CMSIS.5.7.0.pack
                ARM.CMSIS.5.7.0
                CMSIS (Cortex Microcontroller Software Interface Standard)
   * Component: CORE Version: 5.4.0

Package Vendor: Keil
                http://www.keil.com/pack/Keil.STM32L4xx_DFP.2.4.0.pack
                Keil.STM32L4xx_DFP.2.4.0
                STMicroelectronics STM32L4 Series Device Support, Drivers and Examples

<h2>Collection of Component include folders:</h2>
  .\RTE\_sx1276mb1mas
  D:\Keil_v5\Arm\Packs\ARM\CMSIS\5.7.0\CMSIS\Core\Include
  D:\Keil_v5\Arm\Packs\Keil\STM32L4xx_DFP\2.4.0\Drivers\CMSIS\Device\ST\STM32L4xx\Include

<h2>Collection of Component Files used:</h2>

   * Component: ARM::CMSIS:CORE:5.4.0
Build Time Elapsed:  00:00:09
</pre>
</body>
</html>
